[2025-05-19 17:48:30,627] INFO in app: Fortanks startup
[2025-05-19 17:48:30,628] INFO in app: Iniciando aplicação Flask...
[2025-05-19 17:48:30,629] INFO in app: Criando instância da aplicação Flask...
[2025-05-19 17:48:30,629] INFO in app: CSRF Protection inicializada...
[2025-05-19 17:48:30,630] INFO in app: Inicializando SQLAlchemy...
[2025-05-19 17:48:30,671] INFO in app: Inicializando Flask-Migrate...
[2025-05-19 17:48:30,673] INFO in app: Configurando mappers do SQLAlchemy...
[2025-05-19 17:48:30,673] INFO in app: Importando modelos e controladores...
[2025-05-19 17:48:30,674] INFO in app: Inicializando Login Manager...
[2025-05-19 17:48:30,674] INFO in app: Registrando blueprints...
[2025-05-19 17:48:30,766] INFO in app: Blueprints registrados com sucesso!
[2025-05-19 17:48:30,771] INFO in app: Inicializando banco de dados...
[2025-05-19 17:48:30,942] INFO in app: Banco de dados inicializado com sucesso!
[2025-05-19 17:48:30,942] INFO in app: Iniciando servidor de desenvolvimento...
[2025-05-19 17:48:34,565] INFO in app: Fortanks startup
[2025-05-19 17:48:34,567] INFO in app: Iniciando aplicação Flask...
[2025-05-19 17:48:34,567] INFO in app: Criando instância da aplicação Flask...
[2025-05-19 17:48:34,568] INFO in app: CSRF Protection inicializada...
[2025-05-19 17:48:34,568] INFO in app: Inicializando SQLAlchemy...
[2025-05-19 17:48:34,616] INFO in app: Inicializando Flask-Migrate...
[2025-05-19 17:48:34,619] INFO in app: Configurando mappers do SQLAlchemy...
[2025-05-19 17:48:34,619] INFO in app: Importando modelos e controladores...
[2025-05-19 17:48:34,619] INFO in app: Inicializando Login Manager...
[2025-05-19 17:48:34,620] INFO in app: Registrando blueprints...
[2025-05-19 17:48:34,736] INFO in app: Blueprints registrados com sucesso!
[2025-05-19 17:48:34,737] INFO in app: Inicializando banco de dados...
[2025-05-19 17:48:34,925] INFO in app: Banco de dados inicializado com sucesso!
[2025-05-19 17:48:34,925] INFO in app: Iniciando servidor de desenvolvimento...
[2025-05-19 17:49:41,253] INFO in app: Fortanks startup
[2025-05-19 17:49:41,254] INFO in app: Iniciando aplicação Flask...
[2025-05-19 17:49:41,254] INFO in app: Criando instância da aplicação Flask...
[2025-05-19 17:49:41,255] INFO in app: CSRF Protection inicializada...
[2025-05-19 17:49:41,255] INFO in app: Inicializando SQLAlchemy...
[2025-05-19 17:49:41,298] INFO in app: Inicializando Flask-Migrate...
[2025-05-19 17:49:41,301] INFO in app: Configurando mappers do SQLAlchemy...
[2025-05-19 17:49:41,301] INFO in app: Importando modelos e controladores...
[2025-05-19 17:49:41,301] INFO in app: Inicializando Login Manager...
[2025-05-19 17:49:41,302] INFO in app: Registrando blueprints...
[2025-05-19 17:49:41,391] INFO in app: Blueprints registrados com sucesso!
[2025-05-19 17:49:41,393] INFO in app: Inicializando banco de dados...
[2025-05-19 17:49:41,583] INFO in app: Banco de dados inicializado com sucesso!
[2025-05-19 17:49:41,583] INFO in app: Iniciando servidor de desenvolvimento...
[2025-05-19 17:51:40,980] INFO in app: Fortanks startup
[2025-05-19 17:51:40,981] INFO in app: Iniciando aplicação Flask...
[2025-05-19 17:51:40,981] INFO in app: Criando instância da aplicação Flask...
[2025-05-19 17:51:40,981] INFO in app: CSRF Protection inicializada...
[2025-05-19 17:51:40,982] INFO in app: Inicializando SQLAlchemy...
[2025-05-19 17:51:41,011] INFO in app: Inicializando Flask-Migrate...
[2025-05-19 17:51:41,012] INFO in app: Configurando mappers do SQLAlchemy...
[2025-05-19 17:51:41,013] INFO in app: Importando modelos e controladores...
[2025-05-19 17:51:41,014] INFO in app: Inicializando Login Manager...
[2025-05-19 17:51:41,014] INFO in app: Registrando blueprints...
[2025-05-19 17:51:41,079] INFO in app: Blueprints registrados com sucesso!
[2025-05-19 17:51:41,080] INFO in app: Inicializando banco de dados...
[2025-05-19 17:51:41,298] INFO in app: Banco de dados inicializado com sucesso!
[2025-05-19 17:51:41,298] INFO in app: Iniciando servidor de desenvolvimento...
[2025-05-19 17:59:14,810] INFO in app: Fortanks startup
[2025-05-19 17:59:14,811] INFO in app: Iniciando aplicação Flask...
[2025-05-19 17:59:14,811] INFO in app: Criando instância da aplicação Flask...
[2025-05-19 17:59:14,811] INFO in app: CSRF Protection inicializada...
[2025-05-19 17:59:14,812] INFO in app: Inicializando SQLAlchemy...
[2025-05-19 17:59:14,841] INFO in app: Inicializando Flask-Migrate...
[2025-05-19 17:59:14,843] INFO in app: Configurando mappers do SQLAlchemy...
[2025-05-19 17:59:14,843] INFO in app: Importando modelos e controladores...
[2025-05-19 17:59:14,843] INFO in app: Inicializando Login Manager...
[2025-05-19 17:59:14,844] INFO in app: Registrando blueprints...
[2025-05-19 17:59:14,916] INFO in app: Blueprints registrados com sucesso!
[2025-05-19 17:59:14,917] INFO in app: Inicializando banco de dados...
[2025-05-19 18:00:52,491] INFO in app: Fortanks startup
[2025-05-19 18:00:52,491] INFO in app: Iniciando aplicação Flask...
[2025-05-19 18:00:52,492] INFO in app: Criando instância da aplicação Flask...
[2025-05-19 18:00:52,493] INFO in app: CSRF Protection inicializada...
[2025-05-19 18:00:52,493] INFO in app: Inicializando SQLAlchemy...
[2025-05-19 18:00:52,518] INFO in app: Inicializando Flask-Migrate...
[2025-05-19 18:00:52,520] INFO in app: Configurando mappers do SQLAlchemy...
[2025-05-19 18:00:52,521] INFO in app: Importando modelos e controladores...
[2025-05-19 18:00:52,522] INFO in app: Inicializando Login Manager...
[2025-05-19 18:00:52,522] INFO in app: Registrando blueprints...
[2025-05-19 18:00:52,591] INFO in app: Blueprints registrados com sucesso!
[2025-05-19 18:00:52,592] INFO in app: Inicializando banco de dados...
[2025-05-19 18:00:52,807] INFO in app: Banco de dados inicializado com sucesso!
[2025-05-19 18:00:52,808] INFO in app: Iniciando servidor de desenvolvimento...
[2025-05-19 18:09:13,321] INFO in app: Fortanks startup
[2025-05-19 18:09:13,322] INFO in app: Iniciando aplicação Flask...
[2025-05-19 18:09:13,323] INFO in app: Criando instância da aplicação Flask...
[2025-05-19 18:09:13,324] INFO in app: CSRF Protection inicializada...
[2025-05-19 18:09:13,324] INFO in app: Inicializando SQLAlchemy...
[2025-05-19 18:09:13,392] INFO in app: Inicializando Flask-Migrate...
[2025-05-19 18:09:13,395] INFO in app: Configurando mappers do SQLAlchemy...
[2025-05-19 18:09:13,396] INFO in app: Importando modelos e controladores...
[2025-05-19 18:09:13,397] INFO in app: Inicializando Login Manager...
[2025-05-19 18:09:13,398] INFO in app: Registrando blueprints...
[2025-05-19 18:09:13,541] INFO in app: Blueprints registrados com sucesso!
[2025-05-19 18:09:13,543] INFO in app: Inicializando banco de dados...
[2025-05-19 18:09:13,771] INFO in app: Banco de dados inicializado com sucesso!
[2025-05-19 18:09:13,773] INFO in app: Iniciando servidor de desenvolvimento...
[2025-05-19 18:11:07,354] INFO in app: Fortanks startup
[2025-05-19 18:11:07,356] INFO in app: Iniciando aplicação Flask...
[2025-05-19 18:11:07,357] INFO in app: Criando instância da aplicação Flask...
[2025-05-19 18:11:07,358] INFO in app: CSRF Protection inicializada...
[2025-05-19 18:11:07,359] INFO in app: Inicializando SQLAlchemy...
[2025-05-19 18:11:07,432] INFO in app: Inicializando Flask-Migrate...
[2025-05-19 18:11:07,436] INFO in app: Configurando mappers do SQLAlchemy...
[2025-05-19 18:11:07,437] INFO in app: Importando modelos e controladores...
[2025-05-19 18:11:07,439] INFO in app: Inicializando Login Manager...
[2025-05-19 18:11:07,440] INFO in app: Registrando blueprints...
[2025-05-19 18:11:07,606] INFO in app: Blueprints registrados com sucesso!
[2025-05-19 18:11:07,608] INFO in app: Inicializando banco de dados...
[2025-05-19 18:11:07,816] INFO in app: Banco de dados inicializado com sucesso!
[2025-05-19 18:11:07,817] INFO in app: Iniciando servidor de desenvolvimento...
[2025-05-19 18:11:54,850] INFO in app: Fortanks startup
[2025-05-19 18:11:54,851] INFO in app: Iniciando aplicação Flask...
[2025-05-19 18:11:54,851] INFO in app: Criando instância da aplicação Flask...
[2025-05-19 18:11:54,852] INFO in app: CSRF Protection inicializada...
[2025-05-19 18:11:54,853] INFO in app: Inicializando SQLAlchemy...
[2025-05-19 18:11:54,897] INFO in app: Inicializando Flask-Migrate...
[2025-05-19 18:11:54,899] INFO in app: Configurando mappers do SQLAlchemy...
[2025-05-19 18:11:54,900] INFO in app: Importando modelos e controladores...
[2025-05-19 18:11:54,900] INFO in app: Inicializando Login Manager...
[2025-05-19 18:11:54,900] INFO in app: Registrando blueprints...
[2025-05-19 18:11:55,000] INFO in app: Blueprints registrados com sucesso!
[2025-05-19 18:11:55,001] INFO in app: Inicializando banco de dados...
[2025-05-19 18:11:55,159] INFO in app: Banco de dados inicializado com sucesso!
[2025-05-19 18:11:55,159] INFO in app: Iniciando servidor de desenvolvimento...
