[2025-05-19 17:48:30,627] INFO in app: Fortanks startup
[2025-05-19 17:48:30,628] INFO in app: Iniciando aplicação Flask...
[2025-05-19 17:48:30,629] INFO in app: Criando instância da aplicação Flask...
[2025-05-19 17:48:30,629] INFO in app: CSRF Protection inicializada...
[2025-05-19 17:48:30,630] INFO in app: Inicializando SQLAlchemy...
[2025-05-19 17:48:30,671] INFO in app: Inicializando Flask-Migrate...
[2025-05-19 17:48:30,673] INFO in app: Configurando mappers do SQLAlchemy...
[2025-05-19 17:48:30,673] INFO in app: Importando modelos e controladores...
[2025-05-19 17:48:30,674] INFO in app: Inicializando Login Manager...
[2025-05-19 17:48:30,674] INFO in app: Registrando blueprints...
[2025-05-19 17:48:30,766] INFO in app: Blueprints registrados com sucesso!
[2025-05-19 17:48:30,771] INFO in app: Inicializando banco de dados...
[2025-05-19 17:48:30,942] INFO in app: Banco de dados inicializado com sucesso!
[2025-05-19 17:48:30,942] INFO in app: Iniciando servidor de desenvolvimento...
[2025-05-19 17:48:34,565] INFO in app: Fortanks startup
[2025-05-19 17:48:34,567] INFO in app: Iniciando aplicação Flask...
[2025-05-19 17:48:34,567] INFO in app: Criando instância da aplicação Flask...
[2025-05-19 17:48:34,568] INFO in app: CSRF Protection inicializada...
[2025-05-19 17:48:34,568] INFO in app: Inicializando SQLAlchemy...
[2025-05-19 17:48:34,616] INFO in app: Inicializando Flask-Migrate...
[2025-05-19 17:48:34,619] INFO in app: Configurando mappers do SQLAlchemy...
[2025-05-19 17:48:34,619] INFO in app: Importando modelos e controladores...
[2025-05-19 17:48:34,619] INFO in app: Inicializando Login Manager...
[2025-05-19 17:48:34,620] INFO in app: Registrando blueprints...
[2025-05-19 17:48:34,736] INFO in app: Blueprints registrados com sucesso!
[2025-05-19 17:48:34,737] INFO in app: Inicializando banco de dados...
[2025-05-19 17:48:34,925] INFO in app: Banco de dados inicializado com sucesso!
[2025-05-19 17:48:34,925] INFO in app: Iniciando servidor de desenvolvimento...
[2025-05-19 17:49:41,253] INFO in app: Fortanks startup
[2025-05-19 17:49:41,254] INFO in app: Iniciando aplicação Flask...
[2025-05-19 17:49:41,254] INFO in app: Criando instância da aplicação Flask...
[2025-05-19 17:49:41,255] INFO in app: CSRF Protection inicializada...
[2025-05-19 17:49:41,255] INFO in app: Inicializando SQLAlchemy...
[2025-05-19 17:49:41,298] INFO in app: Inicializando Flask-Migrate...
[2025-05-19 17:49:41,301] INFO in app: Configurando mappers do SQLAlchemy...
[2025-05-19 17:49:41,301] INFO in app: Importando modelos e controladores...
[2025-05-19 17:49:41,301] INFO in app: Inicializando Login Manager...
[2025-05-19 17:49:41,302] INFO in app: Registrando blueprints...
[2025-05-19 17:49:41,391] INFO in app: Blueprints registrados com sucesso!
[2025-05-19 17:49:41,393] INFO in app: Inicializando banco de dados...
[2025-05-19 17:49:41,583] INFO in app: Banco de dados inicializado com sucesso!
[2025-05-19 17:49:41,583] INFO in app: Iniciando servidor de desenvolvimento...
[2025-05-19 17:51:40,980] INFO in app: Fortanks startup
[2025-05-19 17:51:40,981] INFO in app: Iniciando aplicação Flask...
[2025-05-19 17:51:40,981] INFO in app: Criando instância da aplicação Flask...
[2025-05-19 17:51:40,981] INFO in app: CSRF Protection inicializada...
[2025-05-19 17:51:40,982] INFO in app: Inicializando SQLAlchemy...
[2025-05-19 17:51:41,011] INFO in app: Inicializando Flask-Migrate...
[2025-05-19 17:51:41,012] INFO in app: Configurando mappers do SQLAlchemy...
[2025-05-19 17:51:41,013] INFO in app: Importando modelos e controladores...
[2025-05-19 17:51:41,014] INFO in app: Inicializando Login Manager...
[2025-05-19 17:51:41,014] INFO in app: Registrando blueprints...
[2025-05-19 17:51:41,079] INFO in app: Blueprints registrados com sucesso!
[2025-05-19 17:51:41,080] INFO in app: Inicializando banco de dados...
[2025-05-19 17:51:41,298] INFO in app: Banco de dados inicializado com sucesso!
[2025-05-19 17:51:41,298] INFO in app: Iniciando servidor de desenvolvimento...
[2025-05-19 17:59:14,810] INFO in app: Fortanks startup
[2025-05-19 17:59:14,811] INFO in app: Iniciando aplicação Flask...
[2025-05-19 17:59:14,811] INFO in app: Criando instância da aplicação Flask...
[2025-05-19 17:59:14,811] INFO in app: CSRF Protection inicializada...
[2025-05-19 17:59:14,812] INFO in app: Inicializando SQLAlchemy...
[2025-05-19 17:59:14,841] INFO in app: Inicializando Flask-Migrate...
[2025-05-19 17:59:14,843] INFO in app: Configurando mappers do SQLAlchemy...
[2025-05-19 17:59:14,843] INFO in app: Importando modelos e controladores...
[2025-05-19 17:59:14,843] INFO in app: Inicializando Login Manager...
[2025-05-19 17:59:14,844] INFO in app: Registrando blueprints...
[2025-05-19 17:59:14,916] INFO in app: Blueprints registrados com sucesso!
[2025-05-19 17:59:14,917] INFO in app: Inicializando banco de dados...
[2025-05-19 18:00:52,491] INFO in app: Fortanks startup
[2025-05-19 18:00:52,491] INFO in app: Iniciando aplicação Flask...
[2025-05-19 18:00:52,492] INFO in app: Criando instância da aplicação Flask...
[2025-05-19 18:00:52,493] INFO in app: CSRF Protection inicializada...
[2025-05-19 18:00:52,493] INFO in app: Inicializando SQLAlchemy...
[2025-05-19 18:00:52,518] INFO in app: Inicializando Flask-Migrate...
[2025-05-19 18:00:52,520] INFO in app: Configurando mappers do SQLAlchemy...
[2025-05-19 18:00:52,521] INFO in app: Importando modelos e controladores...
[2025-05-19 18:00:52,522] INFO in app: Inicializando Login Manager...
[2025-05-19 18:00:52,522] INFO in app: Registrando blueprints...
[2025-05-19 18:00:52,591] INFO in app: Blueprints registrados com sucesso!
[2025-05-19 18:00:52,592] INFO in app: Inicializando banco de dados...
[2025-05-19 18:00:52,807] INFO in app: Banco de dados inicializado com sucesso!
[2025-05-19 18:00:52,808] INFO in app: Iniciando servidor de desenvolvimento...
[2025-05-19 18:09:13,321] INFO in app: Fortanks startup
[2025-05-19 18:09:13,322] INFO in app: Iniciando aplicação Flask...
[2025-05-19 18:09:13,323] INFO in app: Criando instância da aplicação Flask...
[2025-05-19 18:09:13,324] INFO in app: CSRF Protection inicializada...
[2025-05-19 18:09:13,324] INFO in app: Inicializando SQLAlchemy...
[2025-05-19 18:09:13,392] INFO in app: Inicializando Flask-Migrate...
[2025-05-19 18:09:13,395] INFO in app: Configurando mappers do SQLAlchemy...
[2025-05-19 18:09:13,396] INFO in app: Importando modelos e controladores...
[2025-05-19 18:09:13,397] INFO in app: Inicializando Login Manager...
[2025-05-19 18:09:13,398] INFO in app: Registrando blueprints...
[2025-05-19 18:09:13,541] INFO in app: Blueprints registrados com sucesso!
[2025-05-19 18:09:13,543] INFO in app: Inicializando banco de dados...
[2025-05-19 18:09:13,771] INFO in app: Banco de dados inicializado com sucesso!
[2025-05-19 18:09:13,773] INFO in app: Iniciando servidor de desenvolvimento...
[2025-05-19 18:11:07,354] INFO in app: Fortanks startup
[2025-05-19 18:11:07,356] INFO in app: Iniciando aplicação Flask...
[2025-05-19 18:11:07,357] INFO in app: Criando instância da aplicação Flask...
[2025-05-19 18:11:07,358] INFO in app: CSRF Protection inicializada...
[2025-05-19 18:11:07,359] INFO in app: Inicializando SQLAlchemy...
[2025-05-19 18:11:07,432] INFO in app: Inicializando Flask-Migrate...
[2025-05-19 18:11:07,436] INFO in app: Configurando mappers do SQLAlchemy...
[2025-05-19 18:11:07,437] INFO in app: Importando modelos e controladores...
[2025-05-19 18:11:07,439] INFO in app: Inicializando Login Manager...
[2025-05-19 18:11:07,440] INFO in app: Registrando blueprints...
[2025-05-19 18:11:07,606] INFO in app: Blueprints registrados com sucesso!
[2025-05-19 18:11:07,608] INFO in app: Inicializando banco de dados...
[2025-05-19 18:11:07,816] INFO in app: Banco de dados inicializado com sucesso!
[2025-05-19 18:11:07,817] INFO in app: Iniciando servidor de desenvolvimento...
[2025-05-19 18:11:54,850] INFO in app: Fortanks startup
[2025-05-19 18:11:54,851] INFO in app: Iniciando aplicação Flask...
[2025-05-19 18:11:54,851] INFO in app: Criando instância da aplicação Flask...
[2025-05-19 18:11:54,852] INFO in app: CSRF Protection inicializada...
[2025-05-19 18:11:54,853] INFO in app: Inicializando SQLAlchemy...
[2025-05-19 18:11:54,897] INFO in app: Inicializando Flask-Migrate...
[2025-05-19 18:11:54,899] INFO in app: Configurando mappers do SQLAlchemy...
[2025-05-19 18:11:54,900] INFO in app: Importando modelos e controladores...
[2025-05-19 18:11:54,900] INFO in app: Inicializando Login Manager...
[2025-05-19 18:11:54,900] INFO in app: Registrando blueprints...
[2025-05-19 18:11:55,000] INFO in app: Blueprints registrados com sucesso!
[2025-05-19 18:11:55,001] INFO in app: Inicializando banco de dados...
[2025-05-19 18:11:55,159] INFO in app: Banco de dados inicializado com sucesso!
[2025-05-19 18:11:55,159] INFO in app: Iniciando servidor de desenvolvimento...
[2025-05-19 22:26:38,060] INFO in app: Fortanks startup
[2025-05-19 22:26:38,061] INFO in app: Iniciando aplicação Flask...
[2025-05-19 22:26:38,062] INFO in app: Criando instância da aplicação Flask...
[2025-05-19 22:26:38,063] INFO in app: CSRF Protection inicializada...
[2025-05-19 22:26:38,063] INFO in app: Inicializando SQLAlchemy...
[2025-05-19 22:26:38,091] INFO in app: Inicializando Flask-Migrate...
[2025-05-19 22:26:38,093] INFO in app: Configurando mappers do SQLAlchemy...
[2025-05-19 22:26:38,094] INFO in app: Importando modelos e controladores...
[2025-05-19 22:26:38,094] INFO in app: Inicializando Login Manager...
[2025-05-19 22:26:38,094] INFO in app: Registrando blueprints...
[2025-05-19 22:26:38,159] INFO in app: Blueprints registrados com sucesso!
[2025-05-19 22:26:38,161] INFO in app: Inicializando banco de dados...
[2025-05-19 22:26:38,313] INFO in app: Banco de dados inicializado com sucesso!
[2025-05-19 22:36:32,850] INFO in app: Fortanks startup
[2025-05-19 22:36:32,851] INFO in app: Iniciando aplicação Flask...
[2025-05-19 22:36:32,852] INFO in app: Criando instância da aplicação Flask...
[2025-05-19 22:36:32,853] INFO in app: CSRF Protection inicializada...
[2025-05-19 22:36:32,855] INFO in app: Inicializando SQLAlchemy...
[2025-05-19 22:36:32,929] INFO in app: Inicializando Flask-Migrate...
[2025-05-19 22:36:32,934] INFO in app: Configurando mappers do SQLAlchemy...
[2025-05-19 22:36:32,935] INFO in app: Importando modelos e controladores...
[2025-05-19 22:36:32,936] INFO in app: Inicializando Login Manager...
[2025-05-19 22:36:32,938] INFO in app: Registrando blueprints...
[2025-05-19 22:36:33,092] INFO in app: Blueprints registrados com sucesso!
[2025-05-19 22:36:33,094] INFO in app: Inicializando banco de dados...
[2025-05-19 22:36:33,325] INFO in app: Banco de dados inicializado com sucesso!
[2025-05-19 22:38:06,589] INFO in app: Fortanks startup
[2025-05-19 22:38:06,589] INFO in app: Iniciando aplicação Flask...
[2025-05-19 22:38:06,590] INFO in app: Criando instância da aplicação Flask...
[2025-05-19 22:38:06,590] INFO in app: CSRF Protection inicializada...
[2025-05-19 22:38:06,591] INFO in app: Inicializando SQLAlchemy...
[2025-05-19 22:38:06,616] INFO in app: Inicializando Flask-Migrate...
[2025-05-19 22:38:06,620] INFO in app: Configurando mappers do SQLAlchemy...
[2025-05-19 22:38:06,622] INFO in app: Importando modelos e controladores...
[2025-05-19 22:38:06,622] INFO in app: Inicializando Login Manager...
[2025-05-19 22:38:06,623] INFO in app: Registrando blueprints...
[2025-05-19 22:38:06,684] INFO in app: Blueprints registrados com sucesso!
[2025-05-19 22:38:06,685] INFO in app: Inicializando banco de dados...
[2025-05-19 22:38:06,832] INFO in app: Banco de dados inicializado com sucesso!
[2025-05-19 22:42:10,888] INFO in app: Fortanks startup
[2025-05-19 22:42:10,889] INFO in app: Iniciando aplicação Flask...
[2025-05-19 22:42:10,890] INFO in app: Criando instância da aplicação Flask...
[2025-05-19 22:42:10,890] INFO in app: CSRF Protection inicializada...
[2025-05-19 22:42:10,891] INFO in app: Inicializando SQLAlchemy...
[2025-05-19 22:42:10,958] INFO in app: Inicializando Flask-Migrate...
[2025-05-19 22:42:10,963] INFO in app: Configurando mappers do SQLAlchemy...
[2025-05-19 22:42:10,965] INFO in app: Importando modelos e controladores...
[2025-05-19 22:42:10,966] INFO in app: Inicializando Login Manager...
[2025-05-19 22:42:10,967] INFO in app: Registrando blueprints...
[2025-05-19 22:42:11,086] INFO in app: Blueprints registrados com sucesso!
[2025-05-19 22:42:11,088] INFO in app: Inicializando banco de dados...
[2025-05-19 22:42:11,320] INFO in app: Banco de dados inicializado com sucesso!
[2025-05-19 22:46:46,280] INFO in app: Fortanks startup
[2025-05-19 22:46:46,280] INFO in app: Iniciando aplicação Flask...
[2025-05-19 22:46:46,281] INFO in app: Criando instância da aplicação Flask...
[2025-05-19 22:46:46,281] INFO in app: CSRF Protection inicializada...
[2025-05-19 22:46:46,282] INFO in app: Inicializando SQLAlchemy...
[2025-05-19 22:46:46,311] INFO in app: Inicializando Flask-Migrate...
[2025-05-19 22:46:46,313] INFO in app: Configurando mappers do SQLAlchemy...
[2025-05-19 22:46:46,314] INFO in app: Importando modelos e controladores...
[2025-05-19 22:46:46,314] INFO in app: Inicializando Login Manager...
[2025-05-19 22:46:46,315] INFO in app: Registrando blueprints...
[2025-05-19 22:46:46,383] INFO in app: Blueprints registrados com sucesso!
[2025-05-19 22:46:46,384] INFO in app: Inicializando banco de dados...
[2025-05-19 22:46:46,546] INFO in app: Banco de dados inicializado com sucesso!
[2025-05-19 22:54:15,048] INFO in app: Fortanks startup
[2025-05-19 22:54:15,050] INFO in app: Iniciando aplicação Flask...
[2025-05-19 22:54:15,050] INFO in app: Criando instância da aplicação Flask...
[2025-05-19 22:54:15,052] INFO in app: CSRF Protection inicializada...
[2025-05-19 22:54:15,052] INFO in app: Inicializando SQLAlchemy...
[2025-05-19 22:54:15,106] INFO in app: Inicializando Flask-Migrate...
[2025-05-19 22:54:15,110] INFO in app: Configurando mappers do SQLAlchemy...
[2025-05-19 22:54:15,110] INFO in app: Importando modelos e controladores...
[2025-05-19 22:54:15,111] INFO in app: Inicializando Login Manager...
[2025-05-19 22:54:15,112] INFO in app: Registrando blueprints...
[2025-05-19 22:54:15,231] INFO in app: Blueprints registrados com sucesso!
[2025-05-19 22:54:15,233] INFO in app: Inicializando banco de dados...
[2025-05-19 22:54:15,399] INFO in app: Banco de dados inicializado com sucesso!
[2025-05-19 23:32:13,471] INFO in app: Fortanks startup
[2025-05-19 23:32:13,472] INFO in app: Iniciando aplicação Flask...
[2025-05-19 23:32:13,472] INFO in app: Criando instância da aplicação Flask...
[2025-05-19 23:32:13,473] INFO in app: CSRF Protection inicializada...
[2025-05-19 23:32:13,473] INFO in app: Inicializando SQLAlchemy...
[2025-05-19 23:32:13,543] INFO in app: Inicializando Flask-Migrate...
[2025-05-19 23:32:13,546] INFO in app: Configurando mappers do SQLAlchemy...
[2025-05-19 23:32:13,546] INFO in app: Importando modelos e controladores...
[2025-05-19 23:32:13,547] INFO in app: Inicializando Login Manager...
[2025-05-19 23:32:13,547] INFO in app: Registrando blueprints...
[2025-05-19 23:32:13,614] INFO in app: Blueprints registrados com sucesso!
[2025-05-19 23:32:13,615] INFO in app: Inicializando banco de dados...
[2025-05-19 23:32:13,795] INFO in app: Banco de dados inicializado com sucesso!
[2025-05-19 23:43:05,327] INFO in app: Fortanks startup
[2025-05-19 23:43:05,328] INFO in app: Iniciando aplicação Flask...
[2025-05-19 23:43:05,329] INFO in app: Criando instância da aplicação Flask...
[2025-05-19 23:43:05,331] INFO in app: CSRF Protection inicializada...
[2025-05-19 23:43:05,331] INFO in app: Inicializando SQLAlchemy...
[2025-05-19 23:43:05,385] INFO in app: Inicializando Flask-Migrate...
[2025-05-19 23:43:05,388] INFO in app: Configurando mappers do SQLAlchemy...
[2025-05-19 23:43:05,389] INFO in app: Importando modelos e controladores...
[2025-05-19 23:43:05,390] INFO in app: Inicializando Login Manager...
[2025-05-19 23:43:05,391] INFO in app: Registrando blueprints...
[2025-05-19 23:43:05,514] INFO in app: Blueprints registrados com sucesso!
[2025-05-19 23:43:05,515] INFO in app: Inicializando banco de dados...
[2025-05-19 23:43:05,766] INFO in app: Banco de dados inicializado com sucesso!
[2025-05-20 06:15:25,509] INFO in app: Fortanks startup
[2025-05-20 06:15:25,510] INFO in app: Iniciando aplicação Flask...
[2025-05-20 06:15:25,511] INFO in app: Criando instância da aplicação Flask...
[2025-05-20 06:15:25,512] INFO in app: CSRF Protection inicializada...
[2025-05-20 06:15:25,512] INFO in app: Inicializando SQLAlchemy...
[2025-05-20 06:15:25,568] INFO in app: Inicializando Flask-Migrate...
[2025-05-20 06:15:25,571] INFO in app: Configurando mappers do SQLAlchemy...
[2025-05-20 06:15:25,571] INFO in app: Importando modelos e controladores...
[2025-05-20 06:15:25,571] INFO in app: Inicializando Login Manager...
[2025-05-20 06:15:25,572] INFO in app: Registrando blueprints...
[2025-05-20 06:15:25,632] INFO in app: Blueprints registrados com sucesso!
[2025-05-20 06:15:25,633] INFO in app: Inicializando banco de dados...
[2025-05-20 06:15:25,780] INFO in app: Banco de dados inicializado com sucesso!
[2025-05-20 07:32:38,597] INFO in app: Fortanks startup
[2025-05-20 07:32:38,599] INFO in app: Iniciando aplicação Flask...
[2025-05-20 07:32:38,600] INFO in app: Criando instância da aplicação Flask...
[2025-05-20 07:32:38,602] INFO in app: CSRF Protection inicializada...
[2025-05-20 07:32:38,603] INFO in app: Inicializando SQLAlchemy...
[2025-05-20 07:32:38,749] INFO in app: Inicializando Flask-Migrate...
[2025-05-20 07:32:38,755] INFO in app: Configurando mappers do SQLAlchemy...
[2025-05-20 07:32:38,757] INFO in app: Importando modelos e controladores...
[2025-05-20 07:32:38,758] INFO in app: Inicializando Login Manager...
[2025-05-20 07:32:38,759] INFO in app: Registrando blueprints...
[2025-05-20 07:32:38,996] INFO in app: Blueprints registrados com sucesso!
[2025-05-20 07:32:38,998] INFO in app: Inicializando banco de dados...
[2025-05-20 07:32:39,197] INFO in app: Banco de dados inicializado com sucesso!
[2025-05-20 07:36:19,746] INFO in app: Fortanks startup
[2025-05-20 07:36:19,747] INFO in app: Iniciando aplicação Flask...
[2025-05-20 07:36:19,748] INFO in app: Criando instância da aplicação Flask...
[2025-05-20 07:36:19,749] INFO in app: CSRF Protection inicializada...
[2025-05-20 07:36:19,750] INFO in app: Inicializando SQLAlchemy...
[2025-05-20 07:36:19,810] INFO in app: Inicializando Flask-Migrate...
[2025-05-20 07:36:19,814] INFO in app: Configurando mappers do SQLAlchemy...
[2025-05-20 07:36:19,816] INFO in app: Importando modelos e controladores...
[2025-05-20 07:36:19,817] INFO in app: Inicializando Login Manager...
[2025-05-20 07:36:19,818] INFO in app: Registrando blueprints...
[2025-05-20 07:36:19,959] INFO in app: Blueprints registrados com sucesso!
[2025-05-20 07:36:19,961] INFO in app: Inicializando banco de dados...
[2025-05-20 07:36:20,220] INFO in app: Banco de dados inicializado com sucesso!
[2025-05-20 07:40:36,648] INFO in app: Fortanks startup
[2025-05-20 07:40:36,650] INFO in app: Iniciando aplicação Flask...
[2025-05-20 07:40:36,651] INFO in app: Criando instância da aplicação Flask...
[2025-05-20 07:40:36,652] INFO in app: CSRF Protection inicializada...
[2025-05-20 07:40:36,653] INFO in app: Inicializando SQLAlchemy...
[2025-05-20 07:40:36,720] INFO in app: Inicializando Flask-Migrate...
[2025-05-20 07:40:36,724] INFO in app: Configurando mappers do SQLAlchemy...
[2025-05-20 07:40:36,725] INFO in app: Importando modelos e controladores...
[2025-05-20 07:40:36,725] INFO in app: Inicializando Login Manager...
[2025-05-20 07:40:36,726] INFO in app: Registrando blueprints...
[2025-05-20 07:40:36,879] INFO in app: Blueprints registrados com sucesso!
[2025-05-20 07:40:36,881] INFO in app: Inicializando banco de dados...
[2025-05-20 07:40:37,064] INFO in app: Banco de dados inicializado com sucesso!
[2025-05-20 07:42:37,455] INFO in app: Fortanks startup
[2025-05-20 07:42:37,457] INFO in app: Iniciando aplicação Flask...
[2025-05-20 07:42:37,459] INFO in app: Criando instância da aplicação Flask...
[2025-05-20 07:42:37,461] INFO in app: CSRF Protection inicializada...
[2025-05-20 07:42:37,462] INFO in app: Inicializando SQLAlchemy...
[2025-05-20 07:42:37,524] INFO in app: Inicializando Flask-Migrate...
[2025-05-20 07:42:37,528] INFO in app: Configurando mappers do SQLAlchemy...
[2025-05-20 07:42:37,529] INFO in app: Importando modelos e controladores...
[2025-05-20 07:42:37,530] INFO in app: Inicializando Login Manager...
[2025-05-20 07:42:37,531] INFO in app: Registrando blueprints...
[2025-05-20 07:42:37,671] INFO in app: Blueprints registrados com sucesso!
[2025-05-20 07:42:37,673] INFO in app: Inicializando banco de dados...
[2025-05-20 07:42:37,943] INFO in app: Banco de dados inicializado com sucesso!
[2025-05-20 07:42:46,920] INFO in app: Fortanks startup
[2025-05-20 07:42:46,921] INFO in app: Iniciando aplicação Flask...
[2025-05-20 07:42:46,923] INFO in app: Criando instância da aplicação Flask...
[2025-05-20 07:42:46,924] INFO in app: CSRF Protection inicializada...
[2025-05-20 07:42:46,925] INFO in app: Inicializando SQLAlchemy...
[2025-05-20 07:42:46,969] INFO in app: Inicializando Flask-Migrate...
[2025-05-20 07:42:46,973] INFO in app: Configurando mappers do SQLAlchemy...
[2025-05-20 07:42:46,975] INFO in app: Importando modelos e controladores...
[2025-05-20 07:42:46,976] INFO in app: Inicializando Login Manager...
[2025-05-20 07:42:46,977] INFO in app: Registrando blueprints...
[2025-05-20 07:42:47,084] INFO in app: Blueprints registrados com sucesso!
[2025-05-20 07:42:47,086] INFO in app: Inicializando banco de dados...
[2025-05-20 07:42:47,329] INFO in app: Banco de dados inicializado com sucesso!
[2025-05-20 07:45:06,989] INFO in app: Fortanks startup
[2025-05-20 07:45:06,991] INFO in app: Iniciando aplicação Flask...
[2025-05-20 07:45:06,992] INFO in app: Criando instância da aplicação Flask...
[2025-05-20 07:45:06,997] INFO in app: CSRF Protection inicializada...
[2025-05-20 07:45:06,999] INFO in app: Inicializando SQLAlchemy...
[2025-05-20 07:45:07,069] INFO in app: Inicializando Flask-Migrate...
[2025-05-20 07:45:07,073] INFO in app: Configurando mappers do SQLAlchemy...
[2025-05-20 07:45:07,074] INFO in app: Importando modelos e controladores...
[2025-05-20 07:45:07,075] INFO in app: Inicializando Login Manager...
[2025-05-20 07:45:07,077] INFO in app: Registrando blueprints...
[2025-05-20 07:45:07,233] INFO in app: Blueprints registrados com sucesso!
[2025-05-20 07:45:07,235] INFO in app: Inicializando banco de dados...
[2025-05-20 07:45:07,494] INFO in app: Banco de dados inicializado com sucesso!
[2025-05-20 07:47:52,053] INFO in app: Fortanks startup
[2025-05-20 07:47:52,055] INFO in app: Iniciando aplicação Flask...
[2025-05-20 07:47:52,056] INFO in app: Criando instância da aplicação Flask...
[2025-05-20 07:47:52,058] INFO in app: CSRF Protection inicializada...
[2025-05-20 07:47:52,059] INFO in app: Inicializando SQLAlchemy...
[2025-05-20 07:47:52,128] INFO in app: Inicializando Flask-Migrate...
[2025-05-20 07:47:52,133] INFO in app: Configurando mappers do SQLAlchemy...
[2025-05-20 07:47:52,134] INFO in app: Importando modelos e controladores...
[2025-05-20 07:47:52,134] INFO in app: Inicializando Login Manager...
[2025-05-20 07:47:52,135] INFO in app: Registrando blueprints...
[2025-05-20 07:47:52,298] INFO in app: Blueprints registrados com sucesso!
[2025-05-20 07:47:52,300] INFO in app: Inicializando banco de dados...
[2025-05-20 07:47:52,603] INFO in app: Banco de dados inicializado com sucesso!
[2025-05-20 07:49:10,397] INFO in app: Fortanks startup
[2025-05-20 07:49:10,397] INFO in app: Iniciando aplicação Flask...
[2025-05-20 07:49:10,398] INFO in app: Criando instância da aplicação Flask...
[2025-05-20 07:49:10,399] INFO in app: CSRF Protection inicializada...
[2025-05-20 07:49:10,400] INFO in app: Inicializando SQLAlchemy...
[2025-05-20 07:49:10,435] INFO in app: Inicializando Flask-Migrate...
[2025-05-20 07:49:10,437] INFO in app: Configurando mappers do SQLAlchemy...
[2025-05-20 07:49:10,438] INFO in app: Importando modelos e controladores...
[2025-05-20 07:49:10,438] INFO in app: Inicializando Login Manager...
[2025-05-20 07:49:10,439] INFO in app: Registrando blueprints...
[2025-05-20 07:49:10,528] INFO in app: Blueprints registrados com sucesso!
[2025-05-20 07:49:10,529] INFO in app: Inicializando banco de dados...
[2025-05-20 07:49:10,700] INFO in app: Banco de dados inicializado com sucesso!
[2025-05-20 07:51:17,428] INFO in app: Fortanks startup
[2025-05-20 07:51:17,429] INFO in app: Iniciando aplicação Flask...
[2025-05-20 07:51:17,430] INFO in app: Criando instância da aplicação Flask...
[2025-05-20 07:51:17,431] INFO in app: CSRF Protection inicializada...
[2025-05-20 07:51:17,431] INFO in app: Inicializando SQLAlchemy...
[2025-05-20 07:51:17,485] INFO in app: Inicializando Flask-Migrate...
[2025-05-20 07:51:17,488] INFO in app: Configurando mappers do SQLAlchemy...
[2025-05-20 07:51:17,488] INFO in app: Importando modelos e controladores...
[2025-05-20 07:51:17,489] INFO in app: Inicializando Login Manager...
[2025-05-20 07:51:17,490] INFO in app: Registrando blueprints...
[2025-05-20 07:51:17,595] INFO in app: Blueprints registrados com sucesso!
[2025-05-20 07:51:17,597] INFO in app: Inicializando banco de dados...
[2025-05-20 07:51:17,805] INFO in app: Banco de dados inicializado com sucesso!
[2025-05-20 07:51:40,618] INFO in app: Fortanks startup
[2025-05-20 07:51:40,619] INFO in app: Iniciando aplicação Flask...
[2025-05-20 07:51:40,620] INFO in app: Criando instância da aplicação Flask...
[2025-05-20 07:51:40,621] INFO in app: CSRF Protection inicializada...
[2025-05-20 07:51:40,621] INFO in app: Inicializando SQLAlchemy...
[2025-05-20 07:51:40,668] INFO in app: Inicializando Flask-Migrate...
[2025-05-20 07:51:40,671] INFO in app: Configurando mappers do SQLAlchemy...
[2025-05-20 07:51:40,671] INFO in app: Importando modelos e controladores...
[2025-05-20 07:51:40,672] INFO in app: Inicializando Login Manager...
[2025-05-20 07:51:40,672] INFO in app: Registrando blueprints...
[2025-05-20 07:51:40,779] INFO in app: Blueprints registrados com sucesso!
[2025-05-20 07:51:40,781] INFO in app: Inicializando banco de dados...
[2025-05-20 07:51:41,023] INFO in app: Banco de dados inicializado com sucesso!
[2025-05-20 07:55:17,365] INFO in app: Fortanks startup
[2025-05-20 07:55:17,366] INFO in app: Iniciando aplicação Flask...
[2025-05-20 07:55:17,367] INFO in app: Criando instância da aplicação Flask...
[2025-05-20 07:55:17,368] INFO in app: CSRF Protection inicializada...
[2025-05-20 07:55:17,369] INFO in app: Inicializando SQLAlchemy...
[2025-05-20 07:55:17,425] INFO in app: Inicializando Flask-Migrate...
[2025-05-20 07:55:17,428] INFO in app: Configurando mappers do SQLAlchemy...
[2025-05-20 07:55:17,429] INFO in app: Importando modelos e controladores...
[2025-05-20 07:55:17,429] INFO in app: Inicializando Login Manager...
[2025-05-20 07:55:17,430] INFO in app: Registrando blueprints...
[2025-05-20 07:55:17,565] INFO in app: Blueprints registrados com sucesso!
[2025-05-20 07:55:17,567] INFO in app: Inicializando banco de dados...
[2025-05-20 07:55:17,855] INFO in app: Banco de dados inicializado com sucesso!
[2025-05-20 07:55:33,533] INFO in app: Fortanks startup
[2025-05-20 07:55:33,535] INFO in app: Iniciando aplicação Flask...
[2025-05-20 07:55:33,536] INFO in app: Criando instância da aplicação Flask...
[2025-05-20 07:55:33,537] INFO in app: CSRF Protection inicializada...
[2025-05-20 07:55:33,538] INFO in app: Inicializando SQLAlchemy...
[2025-05-20 07:55:33,605] INFO in app: Inicializando Flask-Migrate...
[2025-05-20 07:55:33,609] INFO in app: Configurando mappers do SQLAlchemy...
[2025-05-20 07:55:33,610] INFO in app: Importando modelos e controladores...
[2025-05-20 07:55:33,611] INFO in app: Inicializando Login Manager...
[2025-05-20 07:55:33,612] INFO in app: Registrando blueprints...
[2025-05-20 07:55:33,777] INFO in app: Blueprints registrados com sucesso!
[2025-05-20 07:55:33,779] INFO in app: Inicializando banco de dados...
[2025-05-20 07:55:34,109] INFO in app: Banco de dados inicializado com sucesso!
[2025-05-20 13:19:57,049] ERROR in app: Erro não tratado: (pymysql.err.OperationalError) (2006, "MySQL server has gone away (ConnectionResetError(10054, 'Foi forçado o cancelamento de uma conexão existente pelo host remoto', None, 10054, None))")
[SQL: SELECT usuarios.id AS usuarios_id, usuarios.nome AS usuarios_nome, usuarios.email AS usuarios_email, usuarios.senha AS usuarios_senha, usuarios.colaborador_id AS usuarios_colaborador_id, usuarios.departamento AS usuarios_departamento, usuarios.cargo AS usuarios_cargo, usuarios.criado_em AS usuarios_criado_em, usuarios.ultimo_login AS usuarios_ultimo_login 
FROM usuarios 
WHERE usuarios.id = %(pk_1)s]
[parameters: {'pk_1': 16}]
(Background on this error at: https://sqlalche.me/e/20/e3q8)
Traceback (most recent call last):
  File "C:\Users\lrone\SynologyDrive\fortanks_novo\venv\Lib\site-packages\pymysql\connections.py", line 806, in _write_bytes
    self._sock.sendall(data)
    ~~~~~~~~~~~~~~~~~~^^^^^^
ConnectionResetError: [WinError 10054] Foi forçado o cancelamento de uma conexão existente pelo host remoto

During handling of the above exception, another exception occurred:

Traceback (most recent call last):
  File "C:\Users\lrone\SynologyDrive\fortanks_novo\venv\Lib\site-packages\sqlalchemy\engine\base.py", line 1964, in _exec_single_context
    self.dialect.do_execute(
    ~~~~~~~~~~~~~~~~~~~~~~~^
        cursor, str_statement, effective_parameters, context
        ^^^^^^^^^^^^^^^^^^^^^^^^^^^^^^^^^^^^^^^^^^^^^^^^^^^^
    )
    ^
  File "C:\Users\lrone\SynologyDrive\fortanks_novo\venv\Lib\site-packages\sqlalchemy\engine\default.py", line 942, in do_execute
    cursor.execute(statement, parameters)
    ~~~~~~~~~~~~~~^^^^^^^^^^^^^^^^^^^^^^^
  File "C:\Users\lrone\SynologyDrive\fortanks_novo\venv\Lib\site-packages\pymysql\cursors.py", line 153, in execute
    result = self._query(query)
  File "C:\Users\lrone\SynologyDrive\fortanks_novo\venv\Lib\site-packages\pymysql\cursors.py", line 322, in _query
    conn.query(q)
    ~~~~~~~~~~^^^
  File "C:\Users\lrone\SynologyDrive\fortanks_novo\venv\Lib\site-packages\pymysql\connections.py", line 562, in query
    self._execute_command(COMMAND.COM_QUERY, sql)
    ~~~~~~~~~~~~~~~~~~~~~^^^^^^^^^^^^^^^^^^^^^^^^
  File "C:\Users\lrone\SynologyDrive\fortanks_novo\venv\Lib\site-packages\pymysql\connections.py", line 864, in _execute_command
    self._write_bytes(packet)
    ~~~~~~~~~~~~~~~~~^^^^^^^^
  File "C:\Users\lrone\SynologyDrive\fortanks_novo\venv\Lib\site-packages\pymysql\connections.py", line 809, in _write_bytes
    raise err.OperationalError(
        CR.CR_SERVER_GONE_ERROR, f"MySQL server has gone away ({e!r})"
    )
pymysql.err.OperationalError: (2006, "MySQL server has gone away (ConnectionResetError(10054, 'Foi forçado o cancelamento de uma conexão existente pelo host remoto', None, 10054, None))")

The above exception was the direct cause of the following exception:

Traceback (most recent call last):
  File "C:\Users\lrone\SynologyDrive\fortanks_novo\venv\Lib\site-packages\flask\app.py", line 917, in full_dispatch_request
    rv = self.dispatch_request()
  File "C:\Users\lrone\SynologyDrive\fortanks_novo\venv\Lib\site-packages\flask\app.py", line 902, in dispatch_request
    return self.ensure_sync(self.view_functions[rule.endpoint])(**view_args)  # type: ignore[no-any-return]
           ~~~~~~~~~~~~~~~~~~~~~~~~~~~~~~~~~~~~~~~~~~~~~~~~~~~~^^^^^^^^^^^^^
  File "C:\Users\lrone\SynologyDrive\fortanks_novo\venv\Lib\site-packages\flask_login\utils.py", line 284, in decorated_view
    elif not current_user.is_authenticated:
             ^^^^^^^^^^^^^^^^^^^^^^^^^^^^^
  File "C:\Users\lrone\SynologyDrive\fortanks_novo\venv\Lib\site-packages\werkzeug\local.py", line 318, in __get__
    obj = instance._get_current_object()
  File "C:\Users\lrone\SynologyDrive\fortanks_novo\venv\Lib\site-packages\werkzeug\local.py", line 526, in _get_current_object
    return get_name(local())
                    ~~~~~^^
  File "C:\Users\lrone\SynologyDrive\fortanks_novo\venv\Lib\site-packages\flask_login\utils.py", line 25, in <lambda>
    current_user = LocalProxy(lambda: _get_user())
                                      ~~~~~~~~~^^
  File "C:\Users\lrone\SynologyDrive\fortanks_novo\venv\Lib\site-packages\flask_login\utils.py", line 370, in _get_user
    current_app.login_manager._load_user()
    ~~~~~~~~~~~~~~~~~~~~~~~~~~~~~~~~~~~~^^
  File "C:\Users\lrone\SynologyDrive\fortanks_novo\venv\Lib\site-packages\flask_login\login_manager.py", line 364, in _load_user
    user = self._user_callback(user_id)
  File "C:\Users\lrone\SynologyDrive\fortanks_novo\app.py", line 152, in load_user
    return Usuario.query.get(int(user_id))
           ~~~~~~~~~~~~~~~~~^^^^^^^^^^^^^^
  File "<string>", line 2, in get
  File "C:\Users\lrone\SynologyDrive\fortanks_novo\venv\Lib\site-packages\sqlalchemy\util\deprecations.py", line 386, in warned
    return fn(*args, **kwargs)  # type: ignore[no-any-return]
  File "C:\Users\lrone\SynologyDrive\fortanks_novo\venv\Lib\site-packages\sqlalchemy\orm\query.py", line 1126, in get
    return self._get_impl(ident, loading.load_on_pk_identity)
           ~~~~~~~~~~~~~~^^^^^^^^^^^^^^^^^^^^^^^^^^^^^^^^^^^^
  File "C:\Users\lrone\SynologyDrive\fortanks_novo\venv\Lib\site-packages\sqlalchemy\orm\query.py", line 1135, in _get_impl
    return self.session._get_impl(
           ~~~~~~~~~~~~~~~~~~~~~~^
        mapper,
        ^^^^^^^
    ...<6 lines>...
        execution_options=self._execution_options,
        ^^^^^^^^^^^^^^^^^^^^^^^^^^^^^^^^^^^^^^^^^^
    )
    ^
  File "C:\Users\lrone\SynologyDrive\fortanks_novo\venv\Lib\site-packages\sqlalchemy\orm\session.py", line 3874, in _get_impl
    return db_load_fn(
        self,
    ...<5 lines>...
        bind_arguments=bind_arguments,
    )
  File "C:\Users\lrone\SynologyDrive\fortanks_novo\venv\Lib\site-packages\sqlalchemy\orm\loading.py", line 694, in load_on_pk_identity
    session.execute(
    ~~~~~~~~~~~~~~~^
        q,
        ^^
    ...<2 lines>...
        bind_arguments=bind_arguments,
        ^^^^^^^^^^^^^^^^^^^^^^^^^^^^^^
    )
    ^
  File "C:\Users\lrone\SynologyDrive\fortanks_novo\venv\Lib\site-packages\sqlalchemy\orm\session.py", line 2365, in execute
    return self._execute_internal(
           ~~~~~~~~~~~~~~~~~~~~~~^
        statement,
        ^^^^^^^^^^
    ...<4 lines>...
        _add_event=_add_event,
        ^^^^^^^^^^^^^^^^^^^^^^
    )
    ^
  File "C:\Users\lrone\SynologyDrive\fortanks_novo\venv\Lib\site-packages\sqlalchemy\orm\session.py", line 2251, in _execute_internal
    result: Result[Any] = compile_state_cls.orm_execute_statement(
                          ~~~~~~~~~~~~~~~~~~~~~~~~~~~~~~~~~~~~~~~^
        self,
        ^^^^^
    ...<4 lines>...
        conn,
        ^^^^^
    )
    ^
  File "C:\Users\lrone\SynologyDrive\fortanks_novo\venv\Lib\site-packages\sqlalchemy\orm\context.py", line 306, in orm_execute_statement
    result = conn.execute(
        statement, params or {}, execution_options=execution_options
    )
  File "C:\Users\lrone\SynologyDrive\fortanks_novo\venv\Lib\site-packages\sqlalchemy\engine\base.py", line 1416, in execute
    return meth(
        self,
        distilled_parameters,
        execution_options or NO_OPTIONS,
    )
  File "C:\Users\lrone\SynologyDrive\fortanks_novo\venv\Lib\site-packages\sqlalchemy\sql\elements.py", line 523, in _execute_on_connection
    return connection._execute_clauseelement(
           ~~~~~~~~~~~~~~~~~~~~~~~~~~~~~~~~~^
        self, distilled_params, execution_options
        ^^^^^^^^^^^^^^^^^^^^^^^^^^^^^^^^^^^^^^^^^
    )
    ^
  File "C:\Users\lrone\SynologyDrive\fortanks_novo\venv\Lib\site-packages\sqlalchemy\engine\base.py", line 1638, in _execute_clauseelement
    ret = self._execute_context(
        dialect,
    ...<8 lines>...
        cache_hit=cache_hit,
    )
  File "C:\Users\lrone\SynologyDrive\fortanks_novo\venv\Lib\site-packages\sqlalchemy\engine\base.py", line 1843, in _execute_context
    return self._exec_single_context(
           ~~~~~~~~~~~~~~~~~~~~~~~~~^
        dialect, context, statement, parameters
        ^^^^^^^^^^^^^^^^^^^^^^^^^^^^^^^^^^^^^^^
    )
    ^
  File "C:\Users\lrone\SynologyDrive\fortanks_novo\venv\Lib\site-packages\sqlalchemy\engine\base.py", line 1983, in _exec_single_context
    self._handle_dbapi_exception(
    ~~~~~~~~~~~~~~~~~~~~~~~~~~~~^
        e, str_statement, effective_parameters, cursor, context
        ^^^^^^^^^^^^^^^^^^^^^^^^^^^^^^^^^^^^^^^^^^^^^^^^^^^^^^^
    )
    ^
  File "C:\Users\lrone\SynologyDrive\fortanks_novo\venv\Lib\site-packages\sqlalchemy\engine\base.py", line 2352, in _handle_dbapi_exception
    raise sqlalchemy_exception.with_traceback(exc_info[2]) from e
  File "C:\Users\lrone\SynologyDrive\fortanks_novo\venv\Lib\site-packages\sqlalchemy\engine\base.py", line 1964, in _exec_single_context
    self.dialect.do_execute(
    ~~~~~~~~~~~~~~~~~~~~~~~^
        cursor, str_statement, effective_parameters, context
        ^^^^^^^^^^^^^^^^^^^^^^^^^^^^^^^^^^^^^^^^^^^^^^^^^^^^
    )
    ^
  File "C:\Users\lrone\SynologyDrive\fortanks_novo\venv\Lib\site-packages\sqlalchemy\engine\default.py", line 942, in do_execute
    cursor.execute(statement, parameters)
    ~~~~~~~~~~~~~~^^^^^^^^^^^^^^^^^^^^^^^
  File "C:\Users\lrone\SynologyDrive\fortanks_novo\venv\Lib\site-packages\pymysql\cursors.py", line 153, in execute
    result = self._query(query)
  File "C:\Users\lrone\SynologyDrive\fortanks_novo\venv\Lib\site-packages\pymysql\cursors.py", line 322, in _query
    conn.query(q)
    ~~~~~~~~~~^^^
  File "C:\Users\lrone\SynologyDrive\fortanks_novo\venv\Lib\site-packages\pymysql\connections.py", line 562, in query
    self._execute_command(COMMAND.COM_QUERY, sql)
    ~~~~~~~~~~~~~~~~~~~~~^^^^^^^^^^^^^^^^^^^^^^^^
  File "C:\Users\lrone\SynologyDrive\fortanks_novo\venv\Lib\site-packages\pymysql\connections.py", line 864, in _execute_command
    self._write_bytes(packet)
    ~~~~~~~~~~~~~~~~~^^^^^^^^
  File "C:\Users\lrone\SynologyDrive\fortanks_novo\venv\Lib\site-packages\pymysql\connections.py", line 809, in _write_bytes
    raise err.OperationalError(
        CR.CR_SERVER_GONE_ERROR, f"MySQL server has gone away ({e!r})"
    )
sqlalchemy.exc.OperationalError: (pymysql.err.OperationalError) (2006, "MySQL server has gone away (ConnectionResetError(10054, 'Foi forçado o cancelamento de uma conexão existente pelo host remoto', None, 10054, None))")
[SQL: SELECT usuarios.id AS usuarios_id, usuarios.nome AS usuarios_nome, usuarios.email AS usuarios_email, usuarios.senha AS usuarios_senha, usuarios.colaborador_id AS usuarios_colaborador_id, usuarios.departamento AS usuarios_departamento, usuarios.cargo AS usuarios_cargo, usuarios.criado_em AS usuarios_criado_em, usuarios.ultimo_login AS usuarios_ultimo_login 
FROM usuarios 
WHERE usuarios.id = %(pk_1)s]
[parameters: {'pk_1': 16}]
(Background on this error at: https://sqlalche.me/e/20/e3q8)
[2025-05-20 13:30:18,987] INFO in app: Fortanks startup
[2025-05-20 13:30:18,988] INFO in app: Iniciando aplicação Flask...
[2025-05-20 13:30:18,989] INFO in app: Criando instância da aplicação Flask...
[2025-05-20 13:30:18,990] INFO in app: CSRF Protection inicializada...
[2025-05-20 13:30:18,991] INFO in app: Inicializando SQLAlchemy...
[2025-05-20 13:30:19,028] INFO in app: Inicializando Flask-Migrate...
[2025-05-20 13:30:19,030] INFO in app: Configurando mappers do SQLAlchemy...
[2025-05-20 13:30:19,031] INFO in app: Importando modelos e controladores...
[2025-05-20 13:30:19,031] INFO in app: Inicializando Login Manager...
[2025-05-20 13:30:19,032] INFO in app: Registrando blueprints...
[2025-05-20 13:30:19,118] INFO in app: Blueprints registrados com sucesso!
[2025-05-20 13:30:19,119] INFO in app: Inicializando banco de dados...
[2025-05-20 13:30:21,972] INFO in app: Banco de dados inicializado com sucesso!
[2025-05-20 13:31:56,220] INFO in app: Fortanks startup
[2025-05-20 13:31:56,221] INFO in app: Iniciando aplicação Flask...
[2025-05-20 13:31:56,221] INFO in app: Criando instância da aplicação Flask...
[2025-05-20 13:31:56,222] INFO in app: CSRF Protection inicializada...
[2025-05-20 13:31:56,222] INFO in app: Inicializando SQLAlchemy...
[2025-05-20 13:31:56,263] INFO in app: Inicializando Flask-Migrate...
[2025-05-20 13:31:56,265] INFO in app: Configurando mappers do SQLAlchemy...
[2025-05-20 13:31:56,265] INFO in app: Importando modelos e controladores...
[2025-05-20 13:31:56,266] INFO in app: Inicializando Login Manager...
[2025-05-20 13:31:56,266] INFO in app: Registrando blueprints...
[2025-05-20 13:31:56,359] INFO in app: Blueprints registrados com sucesso!
[2025-05-20 13:31:56,360] INFO in app: Inicializando banco de dados...
[2025-05-20 13:31:59,255] INFO in app: Banco de dados inicializado com sucesso!
[2025-05-20 13:32:28,077] INFO in app: Fortanks startup
[2025-05-20 13:32:28,078] INFO in app: Iniciando aplicação Flask...
[2025-05-20 13:32:28,079] INFO in app: Criando instância da aplicação Flask...
[2025-05-20 13:32:28,080] INFO in app: CSRF Protection inicializada...
[2025-05-20 13:32:28,081] INFO in app: Inicializando SQLAlchemy...
[2025-05-20 13:32:28,121] INFO in app: Inicializando Flask-Migrate...
[2025-05-20 13:32:28,124] INFO in app: Configurando mappers do SQLAlchemy...
[2025-05-20 13:32:28,126] INFO in app: Importando modelos e controladores...
[2025-05-20 13:32:28,127] INFO in app: Inicializando Login Manager...
[2025-05-20 13:32:28,128] INFO in app: Registrando blueprints...
[2025-05-20 13:32:28,222] INFO in app: Blueprints registrados com sucesso!
[2025-05-20 13:32:28,224] INFO in app: Inicializando banco de dados...
[2025-05-20 13:32:31,113] INFO in app: Banco de dados inicializado com sucesso!
[2025-05-20 13:33:43,128] INFO in app: Fortanks startup
[2025-05-20 13:33:43,130] INFO in app: Iniciando aplicação Flask...
[2025-05-20 13:33:43,130] INFO in app: Criando instância da aplicação Flask...
[2025-05-20 13:33:43,131] INFO in app: CSRF Protection inicializada...
[2025-05-20 13:33:43,132] INFO in app: Inicializando SQLAlchemy...
[2025-05-20 13:33:43,169] INFO in app: Inicializando Flask-Migrate...
[2025-05-20 13:33:43,172] INFO in app: Configurando mappers do SQLAlchemy...
[2025-05-20 13:33:43,173] INFO in app: Importando modelos e controladores...
[2025-05-20 13:33:43,173] INFO in app: Inicializando Login Manager...
[2025-05-20 13:33:43,174] INFO in app: Registrando blueprints...
[2025-05-20 13:33:43,279] INFO in app: Blueprints registrados com sucesso!
[2025-05-20 13:33:43,281] INFO in app: Inicializando banco de dados...
[2025-05-20 13:33:46,223] INFO in app: Banco de dados inicializado com sucesso!
[2025-05-20 13:37:41,718] INFO in app: Fortanks startup
[2025-05-20 13:37:41,719] INFO in app: Iniciando aplicação Flask...
[2025-05-20 13:37:41,719] INFO in app: Criando instância da aplicação Flask...
[2025-05-20 13:37:41,720] INFO in app: CSRF Protection inicializada...
[2025-05-20 13:37:41,720] INFO in app: Inicializando SQLAlchemy...
[2025-05-20 13:37:41,756] INFO in app: Inicializando Flask-Migrate...
[2025-05-20 13:37:41,758] INFO in app: Configurando mappers do SQLAlchemy...
[2025-05-20 13:37:41,758] INFO in app: Importando modelos e controladores...
[2025-05-20 13:37:41,759] INFO in app: Inicializando Login Manager...
[2025-05-20 13:37:41,760] INFO in app: Registrando blueprints...
[2025-05-20 13:37:41,845] INFO in app: Blueprints registrados com sucesso!
[2025-05-20 13:37:41,847] INFO in app: Inicializando banco de dados...
[2025-05-20 13:37:44,757] INFO in app: Banco de dados inicializado com sucesso!
[2025-05-20 13:42:13,720] INFO in app: Fortanks startup
[2025-05-20 13:42:13,721] INFO in app: Iniciando aplicação Flask...
[2025-05-20 13:42:13,722] INFO in app: Criando instância da aplicação Flask...
[2025-05-20 13:42:13,723] INFO in app: CSRF Protection inicializada...
[2025-05-20 13:42:13,724] INFO in app: Inicializando SQLAlchemy...
[2025-05-20 13:42:13,765] INFO in app: Inicializando Flask-Migrate...
[2025-05-20 13:42:13,768] INFO in app: Configurando mappers do SQLAlchemy...
[2025-05-20 13:42:13,769] INFO in app: Importando modelos e controladores...
[2025-05-20 13:42:13,770] INFO in app: Inicializando Login Manager...
[2025-05-20 13:42:13,770] INFO in app: Registrando blueprints...
[2025-05-20 13:42:13,868] INFO in app: Blueprints registrados com sucesso!
[2025-05-20 13:42:13,869] INFO in app: Inicializando banco de dados...
[2025-05-20 13:42:16,786] INFO in app: Banco de dados inicializado com sucesso!
[2025-05-20 13:45:13,454] INFO in app: Fortanks startup
[2025-05-20 13:45:13,456] INFO in app: Iniciando aplicação Flask...
[2025-05-20 13:45:13,457] INFO in app: Criando instância da aplicação Flask...
[2025-05-20 13:45:13,458] INFO in app: CSRF Protection inicializada...
[2025-05-20 13:45:13,459] INFO in app: Inicializando SQLAlchemy...
[2025-05-20 13:45:13,499] INFO in app: Inicializando Flask-Migrate...
[2025-05-20 13:45:13,502] INFO in app: Configurando mappers do SQLAlchemy...
[2025-05-20 13:45:13,502] INFO in app: Importando modelos e controladores...
[2025-05-20 13:45:13,504] INFO in app: Inicializando Login Manager...
[2025-05-20 13:45:13,504] INFO in app: Registrando blueprints...
[2025-05-20 13:45:13,596] INFO in app: Blueprints registrados com sucesso!
[2025-05-20 13:45:13,598] INFO in app: Inicializando banco de dados...
[2025-05-20 13:45:16,513] INFO in app: Banco de dados inicializado com sucesso!
[2025-05-20 13:45:39,278] INFO in app: Fortanks startup
[2025-05-20 13:45:39,279] INFO in app: Iniciando aplicação Flask...
[2025-05-20 13:45:39,280] INFO in app: Criando instância da aplicação Flask...
[2025-05-20 13:45:39,281] INFO in app: CSRF Protection inicializada...
[2025-05-20 13:45:39,281] INFO in app: Inicializando SQLAlchemy...
[2025-05-20 13:45:39,316] INFO in app: Inicializando Flask-Migrate...
[2025-05-20 13:45:39,318] INFO in app: Configurando mappers do SQLAlchemy...
[2025-05-20 13:45:39,319] INFO in app: Importando modelos e controladores...
[2025-05-20 13:45:39,319] INFO in app: Inicializando Login Manager...
[2025-05-20 13:45:39,319] INFO in app: Registrando blueprints...
[2025-05-20 13:45:39,415] INFO in app: Blueprints registrados com sucesso!
[2025-05-20 13:45:39,416] INFO in app: Inicializando banco de dados...
[2025-05-20 13:45:42,317] INFO in app: Banco de dados inicializado com sucesso!
[2025-05-20 13:47:13,941] INFO in app: Fortanks startup
[2025-05-20 13:47:13,943] INFO in app: Iniciando aplicação Flask...
[2025-05-20 13:47:13,944] INFO in app: Criando instância da aplicação Flask...
[2025-05-20 13:47:13,945] INFO in app: CSRF Protection inicializada...
[2025-05-20 13:47:13,946] INFO in app: Inicializando SQLAlchemy...
[2025-05-20 13:47:13,990] INFO in app: Inicializando Flask-Migrate...
[2025-05-20 13:47:13,993] INFO in app: Configurando mappers do SQLAlchemy...
[2025-05-20 13:47:13,994] INFO in app: Importando modelos e controladores...
[2025-05-20 13:47:13,994] INFO in app: Inicializando Login Manager...
[2025-05-20 13:47:13,995] INFO in app: Registrando blueprints...
[2025-05-20 13:47:14,098] INFO in app: Blueprints registrados com sucesso!
[2025-05-20 13:47:14,100] INFO in app: Inicializando banco de dados...
[2025-05-20 13:47:16,986] INFO in app: Banco de dados inicializado com sucesso!
[2025-05-20 13:47:18,436] ERROR in app: Erro não tratado: Bad valign: 'CENTER'
Traceback (most recent call last):
  File "C:\Users\lrone\SynologyDrive\fortanks_novo\venv\Lib\site-packages\flask\app.py", line 917, in full_dispatch_request
    rv = self.dispatch_request()
  File "C:\Users\lrone\SynologyDrive\fortanks_novo\venv\Lib\site-packages\flask\app.py", line 902, in dispatch_request
    return self.ensure_sync(self.view_functions[rule.endpoint])(**view_args)  # type: ignore[no-any-return]
           ~~~~~~~~~~~~~~~~~~~~~~~~~~~~~~~~~~~~~~~~~~~~~~~~~~~~^^^^^^^^^^^^^
  File "C:\Users\lrone\SynologyDrive\fortanks_novo\venv\Lib\site-packages\flask_login\utils.py", line 290, in decorated_view
    return current_app.ensure_sync(func)(*args, **kwargs)
           ~~~~~~~~~~~~~~~~~~~~~~~~~~~~~^^^^^^^^^^^^^^^^^
  File "C:\Users\lrone\SynologyDrive\fortanks_novo\controllers\relatorio_usinagem_controller.py", line 452, in ficha_moldagem_rompimento_pdf
    doc.build(elements)
    ~~~~~~~~~^^^^^^^^^^
  File "C:\Users\lrone\SynologyDrive\fortanks_novo\venv\Lib\site-packages\reportlab\platypus\doctemplate.py", line 1322, in build
    BaseDocTemplate.build(self,flowables, canvasmaker=canvasmaker)
    ~~~~~~~~~~~~~~~~~~~~~^^^^^^^^^^^^^^^^^^^^^^^^^^^^^^^^^^^^^^^^^
  File "C:\Users\lrone\SynologyDrive\fortanks_novo\venv\Lib\site-packages\reportlab\platypus\doctemplate.py", line 1083, in build
    self.handle_flowable(flowables)
    ~~~~~~~~~~~~~~~~~~~~^^^^^^^^^^^
  File "C:\Users\lrone\SynologyDrive\fortanks_novo\venv\Lib\site-packages\reportlab\platypus\doctemplate.py", line 932, in handle_flowable
    if frame.add(f, canv, trySplit=self.allowSplitting):
       ~~~~~~~~~^^^^^^^^^^^^^^^^^^^^^^^^^^^^^^^^^^^^^^^
  File "C:\Users\lrone\SynologyDrive\fortanks_novo\venv\Lib\site-packages\reportlab\platypus\frames.py", line 201, in _add
    flowable.drawOn(canv, self._x + self._leftExtraIndent, y, _sW=aW-w)
    ~~~~~~~~~~~~~~~^^^^^^^^^^^^^^^^^^^^^^^^^^^^^^^^^^^^^^^^^^^^^^^^^^^^
  File "C:\Users\lrone\SynologyDrive\fortanks_novo\venv\Lib\site-packages\reportlab\platypus\flowables.py", line 112, in drawOn
    self._drawOn(canvas)
    ~~~~~~~~~~~~^^^^^^^^
  File "C:\Users\lrone\SynologyDrive\fortanks_novo\venv\Lib\site-packages\reportlab\platypus\flowables.py", line 93, in _drawOn
    self.draw()#this is the bit you overload
    ~~~~~~~~~^^
  File "C:\Users\lrone\SynologyDrive\fortanks_novo\venv\Lib\site-packages\reportlab\platypus\tables.py", line 2326, in draw
    self._drawCell(cellval, cellstyle, (x, y), (width, height))
    ~~~~~~~~~~~~~~^^^^^^^^^^^^^^^^^^^^^^^^^^^^^^^^^^^^^^^^^^^^^
  File "C:\Users\lrone\SynologyDrive\fortanks_novo\venv\Lib\site-packages\reportlab\platypus\tables.py", line 2543, in _drawCell
    raise ValueError(f'Bad valign: {valign!a}')
ValueError: Bad valign: 'CENTER'
[2025-05-20 13:51:31,620] INFO in app: Fortanks startup
[2025-05-20 13:51:31,622] INFO in app: Iniciando aplicação Flask...
[2025-05-20 13:51:31,623] INFO in app: Criando instância da aplicação Flask...
[2025-05-20 13:51:31,624] INFO in app: CSRF Protection inicializada...
[2025-05-20 13:51:31,625] INFO in app: Inicializando SQLAlchemy...
[2025-05-20 13:51:31,668] INFO in app: Inicializando Flask-Migrate...
[2025-05-20 13:51:31,670] INFO in app: Configurando mappers do SQLAlchemy...
[2025-05-20 13:51:31,671] INFO in app: Importando modelos e controladores...
[2025-05-20 13:51:31,672] INFO in app: Inicializando Login Manager...
[2025-05-20 13:51:31,673] INFO in app: Registrando blueprints...
[2025-05-20 13:51:31,776] INFO in app: Blueprints registrados com sucesso!
[2025-05-20 13:51:31,778] INFO in app: Inicializando banco de dados...
[2025-05-20 13:51:34,732] INFO in app: Banco de dados inicializado com sucesso!
[2025-05-20 14:05:25,395] INFO in app: Fortanks startup
[2025-05-20 14:05:25,397] INFO in app: Iniciando aplicação Flask...
[2025-05-20 14:05:25,398] INFO in app: Criando instância da aplicação Flask...
[2025-05-20 14:05:25,399] INFO in app: CSRF Protection inicializada...
[2025-05-20 14:05:25,400] INFO in app: Inicializando SQLAlchemy...
[2025-05-20 14:05:25,473] INFO in app: Inicializando Flask-Migrate...
[2025-05-20 14:05:25,477] INFO in app: Configurando mappers do SQLAlchemy...
[2025-05-20 14:05:25,478] INFO in app: Importando modelos e controladores...
[2025-05-20 14:05:25,478] INFO in app: Inicializando Login Manager...
[2025-05-20 14:05:25,479] INFO in app: Registrando blueprints...
[2025-05-20 14:05:25,625] INFO in app: Blueprints registrados com sucesso!
[2025-05-20 14:05:25,627] INFO in app: Inicializando banco de dados...
[2025-05-20 14:05:28,513] INFO in app: Banco de dados inicializado com sucesso!
[2025-05-20 14:05:57,645] INFO in app: Fortanks startup
[2025-05-20 14:05:57,646] INFO in app: Iniciando aplicação Flask...
[2025-05-20 14:05:57,646] INFO in app: Criando instância da aplicação Flask...
[2025-05-20 14:05:57,647] INFO in app: CSRF Protection inicializada...
[2025-05-20 14:05:57,649] INFO in app: Inicializando SQLAlchemy...
[2025-05-20 14:05:57,709] INFO in app: Inicializando Flask-Migrate...
[2025-05-20 14:05:57,712] INFO in app: Configurando mappers do SQLAlchemy...
[2025-05-20 14:05:57,713] INFO in app: Importando modelos e controladores...
[2025-05-20 14:05:57,713] INFO in app: Inicializando Login Manager...
[2025-05-20 14:05:57,714] INFO in app: Registrando blueprints...
[2025-05-20 14:05:57,840] INFO in app: Blueprints registrados com sucesso!
[2025-05-20 14:05:57,841] INFO in app: Inicializando banco de dados...
[2025-05-20 14:06:00,722] INFO in app: Banco de dados inicializado com sucesso!
[2025-05-20 14:07:39,706] INFO in app: Fortanks startup
[2025-05-20 14:07:39,707] INFO in app: Iniciando aplicação Flask...
[2025-05-20 14:07:39,708] INFO in app: Criando instância da aplicação Flask...
[2025-05-20 14:07:39,710] INFO in app: CSRF Protection inicializada...
[2025-05-20 14:07:39,712] INFO in app: Inicializando SQLAlchemy...
[2025-05-20 14:07:39,780] INFO in app: Inicializando Flask-Migrate...
[2025-05-20 14:07:39,785] INFO in app: Configurando mappers do SQLAlchemy...
[2025-05-20 14:07:39,786] INFO in app: Importando modelos e controladores...
[2025-05-20 14:07:39,787] INFO in app: Inicializando Login Manager...
[2025-05-20 14:07:39,788] INFO in app: Registrando blueprints...
[2025-05-20 14:07:39,934] INFO in app: Blueprints registrados com sucesso!
[2025-05-20 14:07:39,937] INFO in app: Inicializando banco de dados...
[2025-05-20 14:07:42,863] INFO in app: Banco de dados inicializado com sucesso!
[2025-05-20 14:08:27,112] INFO in app: Fortanks startup
[2025-05-20 14:08:27,114] INFO in app: Iniciando aplicação Flask...
[2025-05-20 14:08:27,115] INFO in app: Criando instância da aplicação Flask...
[2025-05-20 14:08:27,116] INFO in app: CSRF Protection inicializada...
[2025-05-20 14:08:27,117] INFO in app: Inicializando SQLAlchemy...
[2025-05-20 14:08:27,173] INFO in app: Inicializando Flask-Migrate...
[2025-05-20 14:08:27,177] INFO in app: Configurando mappers do SQLAlchemy...
[2025-05-20 14:08:27,177] INFO in app: Importando modelos e controladores...
[2025-05-20 14:08:27,178] INFO in app: Inicializando Login Manager...
[2025-05-20 14:08:27,179] INFO in app: Registrando blueprints...
[2025-05-20 14:08:27,308] INFO in app: Blueprints registrados com sucesso!
[2025-05-20 14:08:27,309] INFO in app: Inicializando banco de dados...
[2025-05-20 14:08:30,237] INFO in app: Banco de dados inicializado com sucesso!
[2025-05-20 14:08:51,517] INFO in app: Fortanks startup
[2025-05-20 14:08:51,518] INFO in app: Iniciando aplicação Flask...
[2025-05-20 14:08:51,519] INFO in app: Criando instância da aplicação Flask...
[2025-05-20 14:08:51,520] INFO in app: CSRF Protection inicializada...
[2025-05-20 14:08:51,521] INFO in app: Inicializando SQLAlchemy...
[2025-05-20 14:08:51,575] INFO in app: Inicializando Flask-Migrate...
[2025-05-20 14:08:51,578] INFO in app: Configurando mappers do SQLAlchemy...
[2025-05-20 14:08:51,579] INFO in app: Importando modelos e controladores...
[2025-05-20 14:08:51,580] INFO in app: Inicializando Login Manager...
[2025-05-20 14:08:51,581] INFO in app: Registrando blueprints...
[2025-05-20 14:08:51,726] INFO in app: Blueprints registrados com sucesso!
[2025-05-20 14:08:51,728] INFO in app: Inicializando banco de dados...
[2025-05-20 14:08:54,573] INFO in app: Banco de dados inicializado com sucesso!
[2025-05-20 14:10:08,597] INFO in app: Fortanks startup
[2025-05-20 14:10:08,599] INFO in app: Iniciando aplicação Flask...
[2025-05-20 14:10:08,601] INFO in app: Criando instância da aplicação Flask...
[2025-05-20 14:10:08,602] INFO in app: CSRF Protection inicializada...
[2025-05-20 14:10:08,603] INFO in app: Inicializando SQLAlchemy...
[2025-05-20 14:10:08,665] INFO in app: Inicializando Flask-Migrate...
[2025-05-20 14:10:08,668] INFO in app: Configurando mappers do SQLAlchemy...
[2025-05-20 14:10:08,668] INFO in app: Importando modelos e controladores...
[2025-05-20 14:10:08,669] INFO in app: Inicializando Login Manager...
[2025-05-20 14:10:08,671] INFO in app: Registrando blueprints...
[2025-05-20 14:10:08,803] INFO in app: Blueprints registrados com sucesso!
[2025-05-20 14:10:08,805] INFO in app: Inicializando banco de dados...
[2025-05-20 14:10:11,647] INFO in app: Banco de dados inicializado com sucesso!
[2025-05-20 14:11:28,022] INFO in app: Fortanks startup
[2025-05-20 14:11:28,023] INFO in app: Iniciando aplicação Flask...
[2025-05-20 14:11:28,023] INFO in app: Criando instância da aplicação Flask...
[2025-05-20 14:11:28,024] INFO in app: CSRF Protection inicializada...
[2025-05-20 14:11:28,025] INFO in app: Inicializando SQLAlchemy...
[2025-05-20 14:11:28,079] INFO in app: Inicializando Flask-Migrate...
[2025-05-20 14:11:28,082] INFO in app: Configurando mappers do SQLAlchemy...
[2025-05-20 14:11:28,083] INFO in app: Importando modelos e controladores...
[2025-05-20 14:11:28,084] INFO in app: Inicializando Login Manager...
[2025-05-20 14:11:28,085] INFO in app: Registrando blueprints...
[2025-05-20 14:11:28,207] INFO in app: Blueprints registrados com sucesso!
[2025-05-20 14:11:28,208] INFO in app: Inicializando banco de dados...
[2025-05-20 14:11:31,079] INFO in app: Banco de dados inicializado com sucesso!
[2025-05-20 14:15:13,169] INFO in app: Fortanks startup
[2025-05-20 14:15:13,170] INFO in app: Iniciando aplicação Flask...
[2025-05-20 14:15:13,171] INFO in app: Criando instância da aplicação Flask...
[2025-05-20 14:15:13,171] INFO in app: CSRF Protection inicializada...
[2025-05-20 14:15:13,172] INFO in app: Inicializando SQLAlchemy...
[2025-05-20 14:15:13,201] INFO in app: Inicializando Flask-Migrate...
[2025-05-20 14:15:13,203] INFO in app: Configurando mappers do SQLAlchemy...
[2025-05-20 14:15:13,204] INFO in app: Importando modelos e controladores...
[2025-05-20 14:15:13,204] INFO in app: Inicializando Login Manager...
[2025-05-20 14:15:13,205] INFO in app: Registrando blueprints...
[2025-05-20 14:15:13,274] INFO in app: Blueprints registrados com sucesso!
[2025-05-20 14:15:13,276] INFO in app: Inicializando banco de dados...
[2025-05-20 14:15:16,142] INFO in app: Banco de dados inicializado com sucesso!
[2025-05-20 14:17:09,684] INFO in app: Fortanks startup
[2025-05-20 14:17:09,687] INFO in app: Iniciando aplicação Flask...
[2025-05-20 14:17:09,690] INFO in app: Criando instância da aplicação Flask...
[2025-05-20 14:17:09,694] INFO in app: CSRF Protection inicializada...
[2025-05-20 14:17:09,696] INFO in app: Inicializando SQLAlchemy...
[2025-05-20 14:17:09,951] INFO in app: Inicializando Flask-Migrate...
[2025-05-20 14:17:09,962] INFO in app: Configurando mappers do SQLAlchemy...
[2025-05-20 14:17:09,964] INFO in app: Importando modelos e controladores...
[2025-05-20 14:17:09,967] INFO in app: Inicializando Login Manager...
[2025-05-20 14:17:09,969] INFO in app: Registrando blueprints...
[2025-05-20 14:17:10,336] INFO in app: Blueprints registrados com sucesso!
[2025-05-20 14:17:10,340] INFO in app: Inicializando banco de dados...
[2025-05-20 14:17:13,203] INFO in app: Banco de dados inicializado com sucesso!
[2025-05-20 14:17:14,936] ERROR in app: Erro não tratado: <Table@0x2849F2965D0 5 rows x 8 cols> with cell(0,0) containing
'ESPECIFICAÇÃO DO CONCRETO' data error - 5 rows in data but 1 row heights
Traceback (most recent call last):
  File "C:\Users\lrone\SynologyDrive\fortanks_novo\venv\Lib\site-packages\flask\app.py", line 917, in full_dispatch_request
    rv = self.dispatch_request()
  File "C:\Users\lrone\SynologyDrive\fortanks_novo\venv\Lib\site-packages\flask\app.py", line 902, in dispatch_request
    return self.ensure_sync(self.view_functions[rule.endpoint])(**view_args)  # type: ignore[no-any-return]
           ~~~~~~~~~~~~~~~~~~~~~~~~~~~~~~~~~~~~~~~~~~~~~~~~~~~~^^^^^^^^^^^^^
  File "C:\Users\lrone\SynologyDrive\fortanks_novo\venv\Lib\site-packages\flask_login\utils.py", line 290, in decorated_view
    return current_app.ensure_sync(func)(*args, **kwargs)
           ~~~~~~~~~~~~~~~~~~~~~~~~~~~~~^^^^^^^^^^^^^^^^^
  File "C:\Users\lrone\SynologyDrive\fortanks_novo\controllers\relatorio_usinagem_controller.py", line 183, in ficha_moldagem_rompimento_pdf
    spec_table = Table(spec_data,rowHeights=[3*cm],colWidths=[doc.width*0.2,
                                            doc.width*0.1,
    ...<4 lines>...
                                            doc.width*0.1,
                                            doc.width*0.2])
  File "C:\Users\lrone\SynologyDrive\fortanks_novo\venv\Lib\site-packages\reportlab\platypus\tables.py", line 319, in __init__
    raise ValueError(f'{self.identity()} data error - {nrows} rows in data but {len(rowHeights)} row heights')
ValueError: <Table@0x2849F2965D0 5 rows x 8 cols> with cell(0,0) containing
'ESPECIFICAÇÃO DO CONCRETO' data error - 5 rows in data but 1 row heights
[2025-05-20 14:17:40,390] INFO in app: Fortanks startup
[2025-05-20 14:17:40,393] INFO in app: Iniciando aplicação Flask...
[2025-05-20 14:17:40,394] INFO in app: Criando instância da aplicação Flask...
[2025-05-20 14:17:40,396] INFO in app: CSRF Protection inicializada...
[2025-05-20 14:17:40,398] INFO in app: Inicializando SQLAlchemy...
[2025-05-20 14:17:40,498] INFO in app: Inicializando Flask-Migrate...
[2025-05-20 14:17:40,507] INFO in app: Configurando mappers do SQLAlchemy...
[2025-05-20 14:17:40,509] INFO in app: Importando modelos e controladores...
[2025-05-20 14:17:40,511] INFO in app: Inicializando Login Manager...
[2025-05-20 14:17:40,512] INFO in app: Registrando blueprints...
[2025-05-20 14:17:40,795] INFO in app: Blueprints registrados com sucesso!
[2025-05-20 14:17:40,799] INFO in app: Inicializando banco de dados...
[2025-05-20 14:17:43,665] INFO in app: Banco de dados inicializado com sucesso!
[2025-05-20 14:22:06,908] INFO in app: Fortanks startup
[2025-05-20 14:22:06,910] INFO in app: Iniciando aplicação Flask...
[2025-05-20 14:22:06,912] INFO in app: Criando instância da aplicação Flask...
[2025-05-20 14:22:06,913] INFO in app: CSRF Protection inicializada...
[2025-05-20 14:22:06,914] INFO in app: Inicializando SQLAlchemy...
[2025-05-20 14:22:06,980] INFO in app: Inicializando Flask-Migrate...
[2025-05-20 14:22:06,984] INFO in app: Configurando mappers do SQLAlchemy...
[2025-05-20 14:22:06,985] INFO in app: Importando modelos e controladores...
[2025-05-20 14:22:06,986] INFO in app: Inicializando Login Manager...
[2025-05-20 14:22:06,988] INFO in app: Registrando blueprints...
[2025-05-20 14:22:07,143] INFO in app: Blueprints registrados com sucesso!
[2025-05-20 14:22:07,146] INFO in app: Inicializando banco de dados...
[2025-05-20 14:22:10,013] INFO in app: Banco de dados inicializado com sucesso!
[2025-05-20 14:24:50,114] INFO in app: Fortanks startup
[2025-05-20 14:24:50,115] INFO in app: Iniciando aplicação Flask...
[2025-05-20 14:24:50,116] INFO in app: Criando instância da aplicação Flask...
[2025-05-20 14:24:50,117] INFO in app: CSRF Protection inicializada...
[2025-05-20 14:24:50,118] INFO in app: Inicializando SQLAlchemy...
[2025-05-20 14:24:50,170] INFO in app: Inicializando Flask-Migrate...
[2025-05-20 14:24:50,173] INFO in app: Configurando mappers do SQLAlchemy...
[2025-05-20 14:24:50,175] INFO in app: Importando modelos e controladores...
[2025-05-20 14:24:50,176] INFO in app: Inicializando Login Manager...
[2025-05-20 14:24:50,177] INFO in app: Registrando blueprints...
[2025-05-20 14:24:50,306] INFO in app: Blueprints registrados com sucesso!
[2025-05-20 14:24:50,308] INFO in app: Inicializando banco de dados...
[2025-05-20 14:24:53,129] INFO in app: Banco de dados inicializado com sucesso!
[2025-05-20 14:24:54,166] ERROR in app: Erro não tratado: 
spanning problem in <Table@0x1E2966765D0 7 rows x 7 cols(tallest row 18)> with cell(0,0) containing
'ESPECIFICAÇÃO DO CONCRETO' list index out of range
Traceback (most recent call last):
  File "C:\Users\lrone\SynologyDrive\fortanks_novo\venv\Lib\site-packages\reportlab\platypus\tables.py", line 1118, in _calcSpanRects
    width = colpositions[col1+1] - x
            ~~~~~~~~~~~~^^^^^^^^
IndexError: list index out of range

During handling of the above exception, another exception occurred:

Traceback (most recent call last):
  File "C:\Users\lrone\SynologyDrive\fortanks_novo\venv\Lib\site-packages\flask\app.py", line 917, in full_dispatch_request
    rv = self.dispatch_request()
  File "C:\Users\lrone\SynologyDrive\fortanks_novo\venv\Lib\site-packages\flask\app.py", line 902, in dispatch_request
    return self.ensure_sync(self.view_functions[rule.endpoint])(**view_args)  # type: ignore[no-any-return]
           ~~~~~~~~~~~~~~~~~~~~~~~~~~~~~~~~~~~~~~~~~~~~~~~~~~~~^^^^^^^^^^^^^
  File "C:\Users\lrone\SynologyDrive\fortanks_novo\venv\Lib\site-packages\flask_login\utils.py", line 290, in decorated_view
    return current_app.ensure_sync(func)(*args, **kwargs)
           ~~~~~~~~~~~~~~~~~~~~~~~~~~~~~^^^^^^^^^^^^^^^^^
  File "C:\Users\lrone\SynologyDrive\fortanks_novo\controllers\relatorio_usinagem_controller.py", line 459, in ficha_moldagem_rompimento_pdf
    doc.build(elements)
    ~~~~~~~~~^^^^^^^^^^
  File "C:\Users\lrone\SynologyDrive\fortanks_novo\venv\Lib\site-packages\reportlab\platypus\doctemplate.py", line 1322, in build
    BaseDocTemplate.build(self,flowables, canvasmaker=canvasmaker)
    ~~~~~~~~~~~~~~~~~~~~~^^^^^^^^^^^^^^^^^^^^^^^^^^^^^^^^^^^^^^^^^
  File "C:\Users\lrone\SynologyDrive\fortanks_novo\venv\Lib\site-packages\reportlab\platypus\doctemplate.py", line 1083, in build
    self.handle_flowable(flowables)
    ~~~~~~~~~~~~~~~~~~~~^^^^^^^^^^^
  File "C:\Users\lrone\SynologyDrive\fortanks_novo\venv\Lib\site-packages\reportlab\platypus\doctemplate.py", line 932, in handle_flowable
    if frame.add(f, canv, trySplit=self.allowSplitting):
       ~~~~~~~~~^^^^^^^^^^^^^^^^^^^^^^^^^^^^^^^^^^^^^^^
  File "C:\Users\lrone\SynologyDrive\fortanks_novo\venv\Lib\site-packages\reportlab\platypus\frames.py", line 158, in _add
    w, h = flowable.wrap(aW, h)
           ~~~~~~~~~~~~~^^^^^^^
  File "C:\Users\lrone\SynologyDrive\fortanks_novo\venv\Lib\site-packages\reportlab\platypus\tables.py", line 1346, in wrap
    self._calc(availWidth, availHeight)
    ~~~~~~~~~~^^^^^^^^^^^^^^^^^^^^^^^^^
  File "C:\Users\lrone\SynologyDrive\fortanks_novo\venv\Lib\site-packages\reportlab\platypus\tables.py", line 739, in _calc
    self._calcSpanRects()
    ~~~~~~~~~~~~~~~~~~~^^
  File "C:\Users\lrone\SynologyDrive\fortanks_novo\venv\Lib\site-packages\reportlab\platypus\tables.py", line 1122, in _calcSpanRects
    annotateException('\nspanning problem in %s' % (self.identity(),))
    ~~~~~~~~~~~~~~~~~^^^^^^^^^^^^^^^^^^^^^^^^^^^^^^^^^^^^^^^^^^^^^^^^^
  File "C:\Users\lrone\SynologyDrive\fortanks_novo\venv\Lib\site-packages\reportlab\lib\utils.py", line 1176, in annotateException
    rl_reraise(t,t(sep.join((_ for _ in (msg,str(v),postMsg) if _))),b)
    ~~~~~~~~~~^^^^^^^^^^^^^^^^^^^^^^^^^^^^^^^^^^^^^^^^^^^^^^^^^^^^^^^^^
  File "C:\Users\lrone\SynologyDrive\fortanks_novo\venv\Lib\site-packages\reportlab\lib\utils.py", line 138, in rl_reraise
    raise v.with_traceback(b)
  File "C:\Users\lrone\SynologyDrive\fortanks_novo\venv\Lib\site-packages\reportlab\platypus\tables.py", line 1118, in _calcSpanRects
    width = colpositions[col1+1] - x
            ~~~~~~~~~~~~^^^^^^^^
IndexError: 
spanning problem in <Table@0x1E2966765D0 7 rows x 7 cols(tallest row 18)> with cell(0,0) containing
'ESPECIFICAÇÃO DO CONCRETO' list index out of range
[2025-05-20 14:25:56,721] INFO in app: Fortanks startup
[2025-05-20 14:25:56,722] INFO in app: Iniciando aplicação Flask...
[2025-05-20 14:25:56,723] INFO in app: Criando instância da aplicação Flask...
[2025-05-20 14:25:56,724] INFO in app: CSRF Protection inicializada...
[2025-05-20 14:25:56,725] INFO in app: Inicializando SQLAlchemy...
[2025-05-20 14:25:56,780] INFO in app: Inicializando Flask-Migrate...
[2025-05-20 14:25:56,783] INFO in app: Configurando mappers do SQLAlchemy...
[2025-05-20 14:25:56,784] INFO in app: Importando modelos e controladores...
[2025-05-20 14:25:56,785] INFO in app: Inicializando Login Manager...
[2025-05-20 14:25:56,786] INFO in app: Registrando blueprints...
[2025-05-20 14:25:56,917] INFO in app: Blueprints registrados com sucesso!
[2025-05-20 14:25:56,918] INFO in app: Inicializando banco de dados...
[2025-05-20 14:25:59,754] INFO in app: Banco de dados inicializado com sucesso!
[2025-05-20 14:26:14,985] INFO in app: Fortanks startup
[2025-05-20 14:26:14,986] INFO in app: Iniciando aplicação Flask...
[2025-05-20 14:26:14,987] INFO in app: Criando instância da aplicação Flask...
[2025-05-20 14:26:14,988] INFO in app: CSRF Protection inicializada...
[2025-05-20 14:26:14,989] INFO in app: Inicializando SQLAlchemy...
[2025-05-20 14:26:15,061] INFO in app: Inicializando Flask-Migrate...
[2025-05-20 14:26:15,065] INFO in app: Configurando mappers do SQLAlchemy...
[2025-05-20 14:26:15,066] INFO in app: Importando modelos e controladores...
[2025-05-20 14:26:15,067] INFO in app: Inicializando Login Manager...
[2025-05-20 14:26:15,068] INFO in app: Registrando blueprints...
[2025-05-20 14:26:15,234] INFO in app: Blueprints registrados com sucesso!
[2025-05-20 14:26:15,236] INFO in app: Inicializando banco de dados...
[2025-05-20 14:26:18,125] INFO in app: Banco de dados inicializado com sucesso!
[2025-05-20 15:15:44,080] INFO in app: Fortanks startup
[2025-05-20 15:15:44,081] INFO in app: Iniciando aplicação Flask...
[2025-05-20 15:15:44,082] INFO in app: Criando instância da aplicação Flask...
[2025-05-20 15:15:44,083] INFO in app: CSRF Protection inicializada...
[2025-05-20 15:15:44,084] INFO in app: Inicializando SQLAlchemy...
[2025-05-20 15:15:44,163] INFO in app: Inicializando Flask-Migrate...
[2025-05-20 15:15:44,167] INFO in app: Configurando mappers do SQLAlchemy...
[2025-05-20 15:15:44,168] INFO in app: Importando modelos e controladores...
[2025-05-20 15:15:44,169] INFO in app: Inicializando Login Manager...
[2025-05-20 15:15:44,170] INFO in app: Registrando blueprints...
[2025-05-20 15:15:44,347] INFO in app: Blueprints registrados com sucesso!
[2025-05-20 15:15:44,349] INFO in app: Inicializando banco de dados...
[2025-05-20 15:15:47,382] INFO in app: Banco de dados inicializado com sucesso!
[2025-05-20 15:18:27,881] INFO in app: Fortanks startup
[2025-05-20 15:18:27,883] INFO in app: Iniciando aplicação Flask...
[2025-05-20 15:18:27,884] INFO in app: Criando instância da aplicação Flask...
[2025-05-20 15:18:27,886] INFO in app: CSRF Protection inicializada...
[2025-05-20 15:18:27,887] INFO in app: Inicializando SQLAlchemy...
[2025-05-20 15:18:27,942] INFO in app: Inicializando Flask-Migrate...
[2025-05-20 15:18:27,945] INFO in app: Configurando mappers do SQLAlchemy...
[2025-05-20 15:18:27,946] INFO in app: Importando modelos e controladores...
[2025-05-20 15:18:27,947] INFO in app: Inicializando Login Manager...
[2025-05-20 15:18:27,948] INFO in app: Registrando blueprints...
[2025-05-20 15:18:28,063] INFO in app: Blueprints registrados com sucesso!
[2025-05-20 15:18:28,065] INFO in app: Inicializando banco de dados...
[2025-05-20 15:18:30,958] INFO in app: Banco de dados inicializado com sucesso!
[2025-05-20 15:20:47,108] INFO in app: Fortanks startup
[2025-05-20 15:20:47,109] INFO in app: Iniciando aplicação Flask...
[2025-05-20 15:20:47,110] INFO in app: Criando instância da aplicação Flask...
[2025-05-20 15:20:47,111] INFO in app: CSRF Protection inicializada...
[2025-05-20 15:20:47,112] INFO in app: Inicializando SQLAlchemy...
[2025-05-20 15:20:47,160] INFO in app: Inicializando Flask-Migrate...
[2025-05-20 15:20:47,163] INFO in app: Configurando mappers do SQLAlchemy...
[2025-05-20 15:20:47,164] INFO in app: Importando modelos e controladores...
[2025-05-20 15:20:47,164] INFO in app: Inicializando Login Manager...
[2025-05-20 15:20:47,165] INFO in app: Registrando blueprints...
[2025-05-20 15:20:47,284] INFO in app: Blueprints registrados com sucesso!
[2025-05-20 15:20:47,286] INFO in app: Inicializando banco de dados...
[2025-05-20 15:20:50,131] INFO in app: Banco de dados inicializado com sucesso!
[2025-05-20 15:22:15,917] INFO in app: Fortanks startup
[2025-05-20 15:22:15,918] INFO in app: Iniciando aplicação Flask...
[2025-05-20 15:22:15,919] INFO in app: Criando instância da aplicação Flask...
[2025-05-20 15:22:15,920] INFO in app: CSRF Protection inicializada...
[2025-05-20 15:22:15,920] INFO in app: Inicializando SQLAlchemy...
[2025-05-20 15:22:15,983] INFO in app: Inicializando Flask-Migrate...
[2025-05-20 15:22:15,987] INFO in app: Configurando mappers do SQLAlchemy...
[2025-05-20 15:22:15,988] INFO in app: Importando modelos e controladores...
[2025-05-20 15:22:15,988] INFO in app: Inicializando Login Manager...
[2025-05-20 15:22:15,989] INFO in app: Registrando blueprints...
[2025-05-20 15:22:16,124] INFO in app: Blueprints registrados com sucesso!
[2025-05-20 15:22:16,125] INFO in app: Inicializando banco de dados...
[2025-05-20 15:22:18,946] INFO in app: Banco de dados inicializado com sucesso!
